DATA INVIATA: {"reparto":"Udr","turno_successivo":"Notte","note":"","stato":"Da ritirare","notifica_inviata":false}
RISPOSTA API: [{"id":"b68dd4d1-9667-440a-a1f7-d03a1edb3402","registro_id":null,"reparto":"Udr","turno_successivo":"Notte","stato":"Da ritirare","data_ritiro":null,"note":"","inserito_da":null,"accettato_da":null,"ritirato_il":null,"notifica_inviata":false,"created_at":"2026-07-06T12:41:28.870773"}]
DATA INVIATA: {"reparto":"Ch Generale","turno_successivo":"Notte","note":"","stato":"Da ritirare","notifica_inviata":false}
RISPOSTA API: [{"id":"9de8912b-de6a-41c8-9e92-1050e0033a55","registro_id":null,"reparto":"Ch Generale","turno_successivo":"Notte","stato":"Da ritirare","data_ritiro":null,"note":"","inserito_da":null,"accettato_da":null,"ritirato_il":null,"notifica_inviata":false,"created_at":"2026-07-06T12:42:52.733672"}]
DATA INVIATA: {"reparto":"Rianimazione","turno_successivo":"Pomeriggio","note":"","stato":"Da ritirare","notifica_inviata":false}
RISPOSTA API: [{"id":"f4f68600-cde1-47ba-9bb1-00b4bd7d0460","registro_id":null,"reparto":"Rianimazione","turno_successivo":"Pomeriggio","stato":"Da ritirare","data_ritiro":null,"note":"","inserito_da":null,"accettato_da":null,"ritirato_il":null,"notifica_inviata":false,"created_at":"2026-07-07T08:31:43.410275"}]
DATA INVIATA: {"reparto":"Ch Vascolare","turno_successivo":"Notte","note":"","stato":"Da ritirare","notifica_inviata":false}
RISPOSTA API: [{"id":"8dc8a465-d549-4f73-9ce1-3c06e3bdcbd5","registro_id":null,"reparto":"Ch Vascolare","turno_successivo":"Notte","stato":"Da ritirare","data_ritiro":null,"note":"","inserito_da":null,"accettato_da":null,"ritirato_il":null,"notifica_inviata":false,"created_at":"2026-07-07T12:46:40.351763"}]
DATA INVIATA: {"reparto":"Udr","turno_successivo":"Notte","note":"","stato":"Da ritirare","notifica_inviata":false}
RISPOSTA API: [{"id":"ab26428a-6f92-4f7a-a701-3573a18f7b43","registro_id":null,"reparto":"Udr","turno_successivo":"Notte","stato":"Da ritirare","data_ritiro":null,"note":"","inserito_da":null,"accettato_da":null,"ritirato_il":null,"notifica_inviata":false,"created_at":"2026-07-07T13:05:43.24198"}]
DATA INVIATA: {"reparto":"Nefrologia","turno_successivo":"Notte","note":"","stato":"Da ritirare","notifica_inviata":false}
RISPOSTA API: [{"id":"871c66d6-9d5c-46c9-95d6-6d4768aafe81","registro_id":null,"reparto":"Nefrologia","turno_successivo":"Notte","stato":"Da ritirare","data_ritiro":null,"note":"","inserito_da":null,"accettato_da":null,"ritirato_il":null,"notifica_inviata":false,"created_at":"2026-07-08T10:31:29.767186"}]
DATA INVIATA: {"reparto":"Ch Vascolare","turno_successivo":"Notte","note":"","stato":"Da ritirare","notifica_inviata":false}
RISPOSTA API: [{"id":"33194b61-ae45-4ba3-b3f2-d92a6f1e8afb","registro_id":null,"reparto":"Ch Vascolare","turno_successivo":"Notte","stato":"Da ritirare","data_ritiro":null,"note":"","inserito_da":null,"accettato_da":null,"ritirato_il":null,"notifica_inviata":false,"created_at":"2026-07-09T10:43:03.867496"}]
DATA INVIATA: {"reparto":"Udr","turno_successivo":"Notte","note":"","stato":"Da ritirare","notifica_inviata":false}
RISPOSTA API: [{"id":"6fbef1a5-ffd7-4502-8bf7-d9e53806e91d","registro_id":null,"reparto":"Udr","turno_successivo":"Notte","stato":"Da ritirare","data_ritiro":null,"note":"","inserito_da":null,"accettato_da":null,"ritirato_il":null,"notifica_inviata":false,"created_at":"2026-07-09T11:14:45.185807"}]
DATA INVIATA: {"reparto":"Pronto Soccorso","turno_successivo":"Notte","note":"","stato":"Da ritirare","notifica_inviata":false}
RISPOSTA API: [{"id":"d99a4ad3-4754-4116-91c4-d6a81ed920a1","registro_id":null,"reparto":"Pronto Soccorso","turno_successivo":"Notte","stato":"Da ritirare","data_ritiro":null,"note":"","inserito_da":null,"accettato_da":null,"ritirato_il":null,"notifica_inviata":false,"created_at":"2026-07-15T18:32:08.081555"}]
DATA INVIATA: {"reparto":"Pronto Soccorso","turno_successivo":"Notte","note":"","stato":"Da ritirare","notifica_inviata":false}
RISPOSTA API: [{"id":"2a2e6708-73fb-433d-bca7-0e497cc6d4c8","registro_id":null,"reparto":"Pronto Soccorso","turno_successivo":"Notte","stato":"Da ritirare","data_ritiro":null,"note":"","inserito_da":null,"accettato_da":null,"ritirato_il":null,"notifica_inviata":false,"created_at":"2026-07-15T18:35:02.54289"}]
DATA INVIATA: {"reparto":"Pronto Soccorso","turno_successivo":"Notte","note":"","stato":"Da ritirare","notifica_inviata":false}
RISPOSTA API: [{"id":"5c77170b-e6a3-477d-a971-a9f8b685a2e8","registro_id":null,"reparto":"Pronto Soccorso","turno_successivo":"Notte","stato":"Da ritirare","data_ritiro":null,"note":"","inserito_da":null,"accettato_da":null,"ritirato_il":null,"notifica_inviata":false,"created_at":"2026-07-15T22:32:42.393979"}]
DATA INVIATA: {"reparto":"Udr","turno_successivo":"Pomeriggio","note":"","stato":"Da ritirare","notifica_inviata":false}
RISPOSTA API: [{"id":"0911243a-7d76-431f-b659-fc65131f6639","registro_id":null,"reparto":"Udr","turno_successivo":"Pomeriggio","stato":"Da ritirare","data_ritiro":null,"note":"","inserito_da":null,"accettato_da":null,"ritirato_il":null,"notifica_inviata":false,"created_at":"2026-07-21T08:02:03.230075"}]
DATA INVIATA: {"reparto":"Udr","turno_successivo":"Pomeriggio","note":"","stato":"Da ritirare","notifica_inviata":false}
RISPOSTA API: [{"id":"441a76a9-3e98-4d8e-8cd6-32b6eddbec4b","registro_id":null,"reparto":"Udr","turno_successivo":"Pomeriggio","stato":"Da ritirare","data_ritiro":null,"note":"","inserito_da":null,"accettato_da":null,"ritirato_il":null,"notifica_inviata":false,"created_at":"2026-07-21T08:02:16.322662"}]
DATA INVIATA: {"reparto":"Udr","turno_successivo":"Pomeriggio","note":"","stato":"Da ritirare","notifica_inviata":false}
RISPOSTA API: [{"id":"bc626291-7a86-45a2-ac98-db7d1521bf8a","registro_id":null,"reparto":"Udr","turno_successivo":"Pomeriggio","stato":"Da ritirare","data_ritiro":null,"note":"","inserito_da":null,"accettato_da":null,"ritirato_il":null,"notifica_inviata":false,"created_at":"2026-07-21T08:02:30.926062"}]
DATA INVIATA: {"reparto":"Udr","turno_successivo":"Pomeriggio","note":"","stato":"Da ritirare","notifica_inviata":false}
RISPOSTA API: [{"id":"7befd0aa-47b7-4225-9a77-650601b98db1","registro_id":null,"reparto":"Udr","turno_successivo":"Pomeriggio","stato":"Da ritirare","data_ritiro":null,"note":"","inserito_da":null,"accettato_da":null,"ritirato_il":null,"notifica_inviata":false,"created_at":"2026-07-21T08:02:43.377956"}]
DATA INVIATA: {"reparto":"Udr","turno_successivo":"Pomeriggio","note":"","stato":"Da ritirare","notifica_inviata":false}
RISPOSTA API: [{"id":"b9e12003-baaa-4509-9b1f-d45a59a5ca73","registro_id":null,"reparto":"Udr","turno_successivo":"Pomeriggio","stato":"Da ritirare","data_ritiro":null,"note":"","inserito_da":null,"accettato_da":null,"ritirato_il":null,"notifica_inviata":false,"created_at":"2026-07-22T07:58:16.951193"}]
DATA INVIATA: {"reparto":"Rianimazione","turno_successivo":"Notte","note":"","stato":"Da ritirare","notifica_inviata":false}
RISPOSTA API: [{"id":"2b55b7ef-666f-4da8-97a9-9b885fdaf9d5","registro_id":null,"reparto":"Rianimazione","turno_successivo":"Notte","stato":"Da ritirare","data_ritiro":null,"note":"","inserito_da":null,"accettato_da":null,"ritirato_il":null,"notifica_inviata":false,"created_at":"2026-07-22T13:03:24.95365"}]
DATA INVIATA: {"reparto":"Pronto Soccorso","turno_successivo":"Notte","note":"","stato":"Da ritirare","notifica_inviata":false}
RISPOSTA API: [{"id":"1d98c481-9d83-49b4-9eac-7e63885be07a","registro_id":null,"reparto":"Pronto Soccorso","turno_successivo":"Notte","stato":"Da ritirare","data_ritiro":null,"note":"","inserito_da":null,"accettato_da":null,"ritirato_il":null,"notifica_inviata":false,"created_at":"2026-07-22T23:41:35.395909"}]
DATA INVIATA: {"reparto":"Udr","turno_successivo":"Pomeriggio","note":"","stato":"Da ritirare","notifica_inviata":false}
RISPOSTA API: [{"id":"9c64dd85-5fee-46a1-af4f-d734d89d3569","registro_id":null,"reparto":"Udr","turno_successivo":"Pomeriggio","stato":"Da ritirare","data_ritiro":null,"note":"","inserito_da":null,"accettato_da":null,"ritirato_il":null,"notifica_inviata":false,"created_at":"2026-07-23T07:52:06.912615"}]
DATA INVIATA: {"reparto":"Udr","turno_successivo":"Pomeriggio","note":"","stato":"Da ritirare","notifica_inviata":false}
RISPOSTA API: [{"id":"e7dd7f04-999e-42f9-b6db-7fda533dd1ce","registro_id":null,"reparto":"Udr","turno_successivo":"Pomeriggio","stato":"Da ritirare","data_ritiro":null,"note":"","inserito_da":null,"accettato_da":null,"ritirato_il":null,"notifica_inviata":false,"created_at":"2026-07-24T09:40:28.482346"}]
DATA INVIATA: {"reparto":"Udr","turno_successivo":"Pomeriggio","note":"","stato":"Da ritirare","notifica_inviata":false}
RISPOSTA API: [{"id":"3f97161a-e866-4305-bda6-d34b0de196c6","registro_id":null,"reparto":"Udr","turno_successivo":"Pomeriggio","stato":"Da ritirare","data_ritiro":null,"note":"","inserito_da":null,"accettato_da":null,"ritirato_il":null,"notifica_inviata":false,"created_at":"2026-07-24T09:58:28.883244"}]
DATA INVIATA: {"reparto":"Pronto Soccorso","turno_successivo":"Pomeriggio","note":"","stato":"Da ritirare","notifica_inviata":false}
RISPOSTA API: [{"id":"178e4adc-c7ad-43b0-8f01-27a1228b93d4","registro_id":null,"reparto":"Pronto Soccorso","turno_successivo":"Pomeriggio","stato":"Da ritirare","data_ritiro":null,"note":"","inserito_da":null,"accettato_da":null,"ritirato_il":null,"notifica_inviata":false,"created_at":"2026-07-24T09:59:08.250296"}]
DATA INVIATA: {"reparto":"Udr","turno_successivo":"Pomeriggio","note":"","stato":"Da ritirare","notifica_inviata":false}
RISPOSTA API: [{"id":"77d95dc2-44a3-4671-9298-96dded41cf0e","registro_id":null,"reparto":"Udr","turno_successivo":"Pomeriggio","stato":"Da ritirare","data_ritiro":null,"note":"","inserito_da":null,"accettato_da":null,"ritirato_il":null,"notifica_inviata":false,"created_at":"2026-07-25T08:11:25.149207"}]
DATA INVIATA: {"reparto":"Udr","turno_successivo":"Notte","note":"","stato":"Da ritirare","notifica_inviata":false}
RISPOSTA API: [{"id":"920b1aa5-677a-4fbe-b00d-42c04c768166","registro_id":null,"reparto":"Udr","turno_successivo":"Notte","stato":"Da ritirare","data_ritiro":null,"note":"","inserito_da":null,"accettato_da":null,"ritirato_il":null,"notifica_inviata":false,"created_at":"2026-07-25T11:36:18.330728"}]
DATA INVIATA: {"reparto":"Pronto Soccorso","turno_successivo":"Notte","note":"","stato":"Da ritirare","notifica_inviata":false}
RISPOSTA API: [{"id":"f31b91ae-0acd-47be-bbb7-0d366a402ded","registro_id":null,"reparto":"Pronto Soccorso","turno_successivo":"Notte","stato":"Da ritirare","data_ritiro":null,"note":"","inserito_da":null,"accettato_da":null,"ritirato_il":null,"notifica_inviata":false,"created_at":"2026-07-25T14:35:35.752306"}]
DATA INVIATA: {"reparto":"Udr","turno_successivo":"Pomeriggio","note":"","stato":"Da ritirare","notifica_inviata":false}
RISPOSTA API: [{"id":"d18c94ba-561f-4f6b-b3d7-a78518b6eea1","registro_id":null,"reparto":"Udr","turno_successivo":"Pomeriggio","stato":"Da ritirare","data_ritiro":null,"note":"","inserito_da":null,"accettato_da":null,"ritirato_il":null,"notifica_inviata":false,"created_at":"2026-07-27T07:07:37.293847"}]
DATA INVIATA: {"reparto":"Rianimazione","turno_successivo":"Notte","note":"","stato":"Da ritirare","notifica_inviata":false}
RISPOSTA API: [{"id":"2765821d-5259-4e58-a740-f00bee313888","registro_id":null,"reparto":"Rianimazione","turno_successivo":"Notte","stato":"Da ritirare","data_ritiro":null,"note":"","inserito_da":null,"accettato_da":null,"ritirato_il":null,"notifica_inviata":false,"created_at":"2026-07-27T11:50:04.543968"}]
DATA INVIATA: {"reparto":"Ch Vascolare","turno_successivo":"Pomeriggio","note":"","stato":"Da ritirare","notifica_inviata":false}
RISPOSTA API: [{"id":"46422802-d275-4438-9700-4a7539615dca","registro_id":null,"reparto":"Ch Vascolare","turno_successivo":"Pomeriggio","stato":"Da ritirare","data_ritiro":null,"note":"","inserito_da":null,"accettato_da":null,"ritirato_il":null,"notifica_inviata":false,"created_at":"2026-07-28T07:45:34.164513"}]
DATA INVIATA: {"reparto":"Ch Vascolare","turno_successivo":"Pomeriggio","note":"","stato":"Da ritirare","notifica_inviata":false}
RISPOSTA API: [{"id":"e50e33d4-345f-451c-9290-edd1744845b6","registro_id":null,"reparto":"Ch Vascolare","turno_successivo":"Pomeriggio","stato":"Da ritirare","data_ritiro":null,"note":"","inserito_da":null,"accettato_da":null,"ritirato_il":null,"notifica_inviata":false,"created_at":"2026-07-28T07:52:55.83489"}]
DATA INVIATA: {"reparto":"Pronto Soccorso","turno_successivo":"Notte","note":"","stato":"Da ritirare","notifica_inviata":false}
RISPOSTA API: [{"id":"29ae9f64-2278-4b52-9915-ca8123c69199","registro_id":null,"reparto":"Pronto Soccorso","turno_successivo":"Notte","stato":"Da ritirare","data_ritiro":null,"note":"","inserito_da":null,"accettato_da":null,"ritirato_il":null,"notifica_inviata":false,"created_at":"2026-07-30T13:19:01.800069"}]
DATA INVIATA: {"reparto":"Udr","turno_successivo":"Pomeriggio","note":"","stato":"Da ritirare","notifica_inviata":false}
RISPOSTA API: [{"id":"89c28275-0850-422c-9882-fe741115094e","registro_id":null,"reparto":"Udr","turno_successivo":"Pomeriggio","stato":"Da ritirare","data_ritiro":null,"note":"","inserito_da":null,"accettato_da":null,"ritirato_il":null,"notifica_inviata":false,"created_at":"2026-07-31T08:27:35.733846"}]
DATA INVIATA: {"reparto":"Udr","turno_successivo":"Pomeriggio","note":"","stato":"Da ritirare","notifica_inviata":false}
RISPOSTA API: [{"id":"d8edb5bb-b10f-46b6-940f-aa7291b5769d","registro_id":null,"reparto":"Udr","turno_successivo":"Pomeriggio","stato":"Da ritirare","data_ritiro":null,"note":"","inserito_da":null,"accettato_da":null,"ritirato_il":null,"notifica_inviata":false,"created_at":"2026-07-31T08:27:48.016143"}]
DATA INVIATA: {"reparto":"Udr","turno_successivo":"Pomeriggio","note":"","stato":"Da ritirare","notifica_inviata":false}
RISPOSTA API: [{"id":"21cbf488-1797-43e9-af4d-2bbe9d3d2191","registro_id":null,"reparto":"Udr","turno_successivo":"Pomeriggio","stato":"Da ritirare","data_ritiro":null,"note":"","inserito_da":null,"accettato_da":null,"ritirato_il":null,"notifica_inviata":false,"created_at":"2026-07-31T08:28:01.311453"}]
DATA INVIATA: {"reparto":"Udr","turno_successivo":"Pomeriggio","note":"","stato":"Da ritirare","notifica_inviata":false}
RISPOSTA API: [{"id":"955c3163-307b-4ec6-b4e5-1c181481ac28","registro_id":null,"reparto":"Udr","turno_successivo":"Pomeriggio","stato":"Da ritirare","data_ritiro":null,"note":"","inserito_da":null,"accettato_da":null,"ritirato_il":null,"notifica_inviata":false,"created_at":"2026-07-31T08:28:28.433453"}]
DATA INVIATA: {"reparto":"Udr","turno_successivo":"Pomeriggio","note":"","stato":"Da ritirare","notifica_inviata":false}
RISPOSTA API: [{"id":"c17b4055-38bf-48cd-a655-9ed58b5f2c42","registro_id":null,"reparto":"Udr","turno_successivo":"Pomeriggio","stato":"Da ritirare","data_ritiro":null,"note":"","inserito_da":null,"accettato_da":null,"ritirato_il":null,"notifica_inviata":false,"created_at":"2026-07-31T08:29:04.404587"}]
DATA INVIATA: {"reparto":"Pronto Soccorso","turno_successivo":"Pomeriggio","note":"","stato":"Da ritirare","notifica_inviata":false}
RISPOSTA API: [{"id":"ab8a35eb-2b0f-4afa-94e0-6f36d445379c","registro_id":null,"reparto":"Pronto Soccorso","turno_successivo":"Pomeriggio","stato":"Da ritirare","data_ritiro":null,"note":"","inserito_da":null,"accettato_da":null,"ritirato_il":null,"notifica_inviata":false,"created_at":"2026-07-31T09:16:53.870437"}]
DATA INVIATA: {"reparto":"Pronto Soccorso","turno_successivo":"Notte","note":"","stato":"Da ritirare","notifica_inviata":false}
RISPOSTA API: [{"id":"6efaed90-7cc6-41c3-b954-3a437cbe770e","registro_id":null,"reparto":"Pronto Soccorso","turno_successivo":"Notte","stato":"Da ritirare","data_ritiro":null,"note":"","inserito_da":null,"accettato_da":null,"ritirato_il":null,"notifica_inviata":false,"created_at":"2026-07-31T18:25:40.587137"}]
DATA INVIATA: {"reparto":"Udr","turno_successivo":"Pomeriggio","note":"","stato":"Da ritirare","notifica_inviata":false}
RISPOSTA API: [{"id":"acfa045d-0c2a-4b98-9abc-ef7807105fe4","registro_id":null,"reparto":"Udr","turno_successivo":"Pomeriggio","stato":"Da ritirare","data_ritiro":null,"note":"","inserito_da":null,"accettato_da":null,"ritirato_il":null,"notifica_inviata":false,"created_at":"2026-08-03T07:54:11.523269"}]
DATA INVIATA: {"reparto":"Udr","turno_successivo":"Notte","note":"","stato":"Da ritirare","notifica_inviata":false}
RISPOSTA API: [{"id":"77901d06-a60d-43c7-a07a-a836515a941f","registro_id":null,"reparto":"Udr","turno_successivo":"Notte","stato":"Da ritirare","data_ritiro":null,"note":"","inserito_da":null,"accettato_da":null,"ritirato_il":null,"notifica_inviata":false,"created_at":"2026-08-03T14:00:13.380428"}]
DATA INVIATA: {"reparto":"Udr","turno_successivo":"Notte","note":"","stato":"Da ritirare","notifica_inviata":false}
RISPOSTA API: [{"id":"04557b4c-ddbf-4370-a0c8-9241fd6b27f3","registro_id":null,"reparto":"Udr","turno_successivo":"Notte","stato":"Da ritirare","data_ritiro":null,"note":"","inserito_da":null,"accettato_da":null,"ritirato_il":null,"notifica_inviata":false,"created_at":"2026-08-04T11:02:47.922461"}]
DATA INVIATA: {"reparto":"Udr","turno_successivo":"Pomeriggio","note":"","stato":"Da ritirare","notifica_inviata":false}
RISPOSTA API: [{"id":"c86c22b3-40b0-4055-95f6-c5d9d2c9444d","registro_id":null,"reparto":"Udr","turno_successivo":"Pomeriggio","stato":"Da ritirare","data_ritiro":null,"note":"","inserito_da":null,"accettato_da":null,"ritirato_il":null,"notifica_inviata":false,"created_at":"2026-08-05T08:45:44.831661"}]
DATA INVIATA: {"reparto":"Udr","turno_successivo":"Pomeriggio","note":"","stato":"Da ritirare","notifica_inviata":false}
RISPOSTA API: [{"id":"a3f1bfd9-2bd1-4a9f-b5f8-7239eaa34d51","registro_id":null,"reparto":"Udr","turno_successivo":"Pomeriggio","stato":"Da ritirare","data_ritiro":null,"note":"","inserito_da":null,"accettato_da":null,"ritirato_il":null,"notifica_inviata":false,"created_at":"2026-08-05T08:45:58.00915"}]
DATA INVIATA: {"reparto":"Udr","turno_successivo":"Pomeriggio","note":"","stato":"Da ritirare","notifica_inviata":false}
RISPOSTA API: [{"id":"8787fbf6-6ba1-4606-b58c-80978c0f7ee5","registro_id":null,"reparto":"Udr","turno_successivo":"Pomeriggio","stato":"Da ritirare","data_ritiro":null,"note":"","inserito_da":null,"accettato_da":null,"ritirato_il":null,"notifica_inviata":false,"created_at":"2026-08-05T08:46:26.624839"}]
DATA INVIATA: {"reparto":"Udr","turno_successivo":"Pomeriggio","note":"","stato":"Da ritirare","notifica_inviata":false}
RISPOSTA API: [{"id":"ccc7bbea-34d4-41be-88e1-03c9358de924","registro_id":null,"reparto":"Udr","turno_successivo":"Pomeriggio","stato":"Da ritirare","data_ritiro":null,"note":"","inserito_da":null,"accettato_da":null,"ritirato_il":null,"notifica_inviata":false,"created_at":"2026-08-06T09:26:03.685636"}]
DATA INVIATA: {"reparto":"Udr","turno_successivo":"Pomeriggio","note":"","stato":"Da ritirare","notifica_inviata":false}
RISPOSTA API: [{"id":"a850753e-5d6e-499f-a29a-c665b32da1de","registro_id":null,"reparto":"Udr","turno_successivo":"Pomeriggio","stato":"Da ritirare","data_ritiro":null,"note":"","inserito_da":null,"accettato_da":null,"ritirato_il":null,"notifica_inviata":false,"created_at":"2026-08-06T09:26:19.432382"}]
DATA INVIATA: {"reparto":"Nefrologia","turno_successivo":"Pomeriggio","note":"","stato":"Da ritirare","notifica_inviata":false}
RISPOSTA API: [{"id":"52421102-cf87-424d-8880-05d253f0e094","registro_id":null,"reparto":"Nefrologia","turno_successivo":"Pomeriggio","stato":"Da ritirare","data_ritiro":null,"note":"","inserito_da":null,"accettato_da":null,"ritirato_il":null,"notifica_inviata":false,"created_at":"2026-08-06T09:26:36.348894"}]
DATA INVIATA: {"reparto":"Udr","turno_successivo":"Pomeriggio","note":"","stato":"Da ritirare","notifica_inviata":false}
RISPOSTA API: [{"id":"d937b37d-0d43-488e-bf30-f044cc0a0c7b","registro_id":null,"reparto":"Udr","turno_successivo":"Pomeriggio","stato":"Da ritirare","data_ritiro":null,"note":"","inserito_da":null,"accettato_da":null,"ritirato_il":null,"notifica_inviata":false,"created_at":"2026-08-07T08:45:33.506047"}]
DATA INVIATA: {"reparto":"Udr","turno_successivo":"Pomeriggio","note":"","stato":"Da ritirare","notifica_inviata":false}
RISPOSTA API: [{"id":"49ef8b3b-625d-4a0a-a555-34828cc5f755","registro_id":null,"reparto":"Udr","turno_successivo":"Pomeriggio","stato":"Da ritirare","data_ritiro":null,"note":"","inserito_da":null,"accettato_da":null,"ritirato_il":null,"notifica_inviata":false,"created_at":"2026-08-07T08:45:49.971831"}]
DATA INVIATA: {"reparto":"Udr","turno_successivo":"Pomeriggio","note":"","stato":"Da ritirare","notifica_inviata":false}
RISPOSTA API: [{"id":"97e1d415-6ebb-4531-9b6e-60e801b96fd0","registro_id":null,"reparto":"Udr","turno_successivo":"Pomeriggio","stato":"Da ritirare","data_ritiro":null,"note":"","inserito_da":null,"accettato_da":null,"ritirato_il":null,"notifica_inviata":false,"created_at":"2026-08-07T08:46:01.289344"}]
DATA INVIATA: {"reparto":"Udr","turno_successivo":"Pomeriggio","note":"","stato":"Da ritirare","notifica_inviata":false}
RISPOSTA API: [{"id":"6e2b051e-aa6e-4e89-91d4-3c5a67841581","registro_id":null,"reparto":"Udr","turno_successivo":"Pomeriggio","stato":"Da ritirare","data_ritiro":null,"note":"","inserito_da":null,"accettato_da":null,"ritirato_il":null,"notifica_inviata":false,"created_at":"2026-08-07T08:46:09.349122"}]
DATA INVIATA: {"reparto":"Udr","turno_successivo":"Pomeriggio","note":"","stato":"Da ritirare","notifica_inviata":false}
RISPOSTA API: [{"id":"8e0f4e2c-7dda-4c73-8a7c-a84b1f5eaee6","registro_id":null,"reparto":"Udr","turno_successivo":"Pomeriggio","stato":"Da ritirare","data_ritiro":null,"note":"","inserito_da":null,"accettato_da":null,"ritirato_il":null,"notifica_inviata":false,"created_at":"2026-08-07T08:47:48.842197"}]
DATA INVIATA: {"reparto":"Udr","turno_successivo":"Pomeriggio","note":"","stato":"Da ritirare","notifica_inviata":false}
RISPOSTA API: [{"id":"2c68e92a-6ce6-4d8e-b442-627125f72660","registro_id":null,"reparto":"Udr","turno_successivo":"Pomeriggio","stato":"Da ritirare","data_ritiro":null,"note":"","inserito_da":null,"accettato_da":null,"ritirato_il":null,"notifica_inviata":false,"created_at":"2026-08-07T08:47:57.645972"}]
DATA INVIATA: {"reparto":"Rianimazione","turno_successivo":"Pomeriggio","note":"","stato":"Da ritirare","notifica_inviata":false}
RISPOSTA API: [{"id":"eb85e1be-a3dc-4f28-82ca-818ff7516bef","registro_id":null,"reparto":"Rianimazione","turno_successivo":"Pomeriggio","stato":"Da ritirare","data_ritiro":null,"note":"","inserito_da":null,"accettato_da":null,"ritirato_il":null,"notifica_inviata":false,"created_at":"2026-08-10T06:59:35.09896"}]
DATA INVIATA: {"reparto":"Pronto Soccorso","turno_successivo":"Notte","note":"","stato":"Da ritirare","notifica_inviata":false}
RISPOSTA API: [{"id":"ff38d42e-dcc4-414a-9882-840453f3d401","registro_id":null,"reparto":"Pronto Soccorso","turno_successivo":"Notte","stato":"Da ritirare","data_ritiro":null,"note":"","inserito_da":null,"accettato_da":null,"ritirato_il":null,"notifica_inviata":false,"created_at":"2026-08-12T11:58:13.468523"}]
DATA INVIATA: {"reparto":"Pronto Soccorso","turno_successivo":"Notte","note":"","stato":"Da ritirare","notifica_inviata":false}
RISPOSTA API: [{"id":"6d9723ae-8ded-4f8f-9fcf-54c9d20377c8","registro_id":null,"reparto":"Pronto Soccorso","turno_successivo":"Notte","stato":"Da ritirare","data_ritiro":null,"note":"","inserito_da":null,"accettato_da":null,"ritirato_il":null,"notifica_inviata":false,"created_at":"2026-08-16T20:41:28.933539"}]
DATA INVIATA: {"reparto":"Udr","turno_successivo":"Pomeriggio","note":"","stato":"Da ritirare","notifica_inviata":false}
RISPOSTA API: [{"id":"cc533e1e-0921-40c3-86a9-1bec874bb7e9","registro_id":null,"reparto":"Udr","turno_successivo":"Pomeriggio","stato":"Da ritirare","data_ritiro":null,"note":"","inserito_da":null,"accettato_da":null,"ritirato_il":null,"notifica_inviata":false,"created_at":"2026-08-18T06:55:51.617044"}]
DATA INVIATA: {"reparto":"Udr","turno_successivo":"Pomeriggio","note":"","stato":"Da ritirare","notifica_inviata":false}
RISPOSTA API: [{"id":"94c13547-7148-4510-a8d0-65cfbe6f1b44","registro_id":null,"reparto":"Udr","turno_successivo":"Pomeriggio","stato":"Da ritirare","data_ritiro":null,"note":"","inserito_da":null,"accettato_da":null,"ritirato_il":null,"notifica_inviata":false,"created_at":"2026-08-18T06:56:06.351443"}]
DATA INVIATA: {"reparto":"Udr","turno_successivo":"Pomeriggio","note":"","stato":"Da ritirare","notifica_inviata":false}
RISPOSTA API: [{"id":"22803cf0-aa75-4b07-820c-3968cad796e6","registro_id":null,"reparto":"Udr","turno_successivo":"Pomeriggio","stato":"Da ritirare","data_ritiro":null,"note":"","inserito_da":null,"accettato_da":null,"ritirato_il":null,"notifica_inviata":false,"created_at":"2026-08-18T06:56:36.425752"}]
DATA INVIATA: {"reparto":"Pronto Soccorso","turno_successivo":"Notte","note":"","stato":"Da ritirare","notifica_inviata":false}
RISPOSTA API: [{"id":"97d2351f-bee2-457a-b980-40dbeca2ac39","registro_id":null,"reparto":"Pronto Soccorso","turno_successivo":"Notte","stato":"Da ritirare","data_ritiro":null,"note":"","inserito_da":null,"accettato_da":null,"ritirato_il":null,"notifica_inviata":false,"created_at":"2026-08-18T13:58:02.581746"}]
DATA INVIATA: {"reparto":"Pronto Soccorso","turno_successivo":"Notte","note":"","stato":"Da ritirare","notifica_inviata":false}
RISPOSTA API: [{"id":"866df025-b6b2-4d55-8b9a-c05eac28c615","registro_id":null,"reparto":"Pronto Soccorso","turno_successivo":"Notte","stato":"Da ritirare","data_ritiro":null,"note":"","inserito_da":null,"accettato_da":null,"ritirato_il":null,"notifica_inviata":false,"created_at":"2026-08-18T17:18:58.645863"}]
DATA INVIATA: {"reparto":"Udr","turno_successivo":"Notte","note":"","stato":"Da ritirare","notifica_inviata":false}
RISPOSTA API: [{"id":"eafa0347-33d6-4249-8b35-70aeb09a5373","registro_id":null,"reparto":"Udr","turno_successivo":"Notte","stato":"Da ritirare","data_ritiro":null,"note":"","inserito_da":null,"accettato_da":null,"ritirato_il":null,"notifica_inviata":false,"created_at":"2026-08-19T10:56:05.078988"}]
DATA INVIATA: {"reparto":"Pronto Soccorso","turno_successivo":"Notte","note":"","stato":"Da ritirare","notifica_inviata":false}
RISPOSTA API: [{"id":"e451fcba-9ed8-43eb-8291-0b5dd130281d","registro_id":null,"reparto":"Pronto Soccorso","turno_successivo":"Notte","stato":"Da ritirare","data_ritiro":null,"note":"","inserito_da":null,"accettato_da":null,"ritirato_il":null,"notifica_inviata":false,"created_at":"2026-08-19T14:01:20.690345"}]
DATA INVIATA: {"reparto":"Udr","turno_successivo":"Pomeriggio","note":"","stato":"Da ritirare","notifica_inviata":false}
RISPOSTA API: [{"id":"5711643a-8dad-4604-9f73-8316253167e9","registro_id":null,"reparto":"Udr","turno_successivo":"Pomeriggio","stato":"Da ritirare","data_ritiro":null,"note":"","inserito_da":null,"accettato_da":null,"ritirato_il":null,"notifica_inviata":false,"created_at":"2026-08-20T08:51:54.625235"}]
DATA INVIATA: {"reparto":"Udr","turno_successivo":"Pomeriggio","note":"","stato":"Da ritirare","notifica_inviata":false}
RISPOSTA API: [{"id":"5447ecdb-d585-468c-a2c6-f875cd758fe7","registro_id":null,"reparto":"Udr","turno_successivo":"Pomeriggio","stato":"Da ritirare","data_ritiro":null,"note":"","inserito_da":null,"accettato_da":null,"ritirato_il":null,"notifica_inviata":false,"created_at":"2026-08-21T07:10:29.76137"}]
DATA INVIATA: {"reparto":"Nefrologia","turno_successivo":"Notte","note":"","stato":"Da ritirare","notifica_inviata":false}
RISPOSTA API: [{"id":"722d7094-298a-461d-ac18-222319c8437e","registro_id":null,"reparto":"Nefrologia","turno_successivo":"Notte","stato":"Da ritirare","data_ritiro":null,"note":"","inserito_da":null,"accettato_da":null,"ritirato_il":null,"notifica_inviata":false,"created_at":"2026-08-21T19:10:56.785638"}]
DATA INVIATA: {"reparto":"Pronto Soccorso","turno_successivo":"Notte","note":"","stato":"Da ritirare","notifica_inviata":false}
RISPOSTA API: [{"id":"68a982e3-64b3-42c6-88e3-891c5e415068","registro_id":null,"reparto":"Pronto Soccorso","turno_successivo":"Notte","stato":"Da ritirare","data_ritiro":null,"note":"","inserito_da":null,"accettato_da":null,"ritirato_il":null,"notifica_inviata":false,"created_at":"2026-08-23T11:53:04.717471"}]
DATA INVIATA: {"reparto":"Medicina","turno_successivo":"Pomeriggio","note":"","stato":"Da ritirare","notifica_inviata":false}
RISPOSTA API: [{"id":"f7c880d6-0d43-4e0a-83b4-3e2c87991ae4","registro_id":null,"reparto":"Medicina","turno_successivo":"Pomeriggio","stato":"Da ritirare","data_ritiro":null,"note":"","inserito_da":null,"accettato_da":null,"ritirato_il":null,"notifica_inviata":false,"created_at":"2026-08-24T09:27:24.91767"}]
DATA INVIATA: {"reparto":"Udr","turno_successivo":"Notte","note":"","stato":"Da ritirare","notifica_inviata":false}
RISPOSTA API: [{"id":"6d4c2a47-c318-40aa-89da-e669e95c2711","registro_id":null,"reparto":"Udr","turno_successivo":"Notte","stato":"Da ritirare","data_ritiro":null,"note":"","inserito_da":null,"accettato_da":null,"ritirato_il":null,"notifica_inviata":false,"created_at":"2026-08-24T10:55:06.138656"}]
DATA INVIATA: {"reparto":"Udr","turno_successivo":"Pomeriggio","note":"","stato":"Da ritirare","notifica_inviata":false}
RISPOSTA API: [{"id":"e750c597-c858-4f77-8ffb-3ba91abd8d88","registro_id":null,"reparto":"Udr","turno_successivo":"Pomeriggio","stato":"Da ritirare","data_ritiro":null,"note":"","inserito_da":null,"accettato_da":null,"ritirato_il":null,"notifica_inviata":false,"created_at":"2026-08-25T09:25:51.315406"}]
DATA INVIATA: {"reparto":"Udr","turno_successivo":"Pomeriggio","note":"","stato":"Da ritirare","notifica_inviata":false}
RISPOSTA API: [{"id":"197c4c9a-4e92-4c7a-bc9d-260ee873c67c","registro_id":null,"reparto":"Udr","turno_successivo":"Pomeriggio","stato":"Da ritirare","data_ritiro":null,"note":"","inserito_da":null,"accettato_da":null,"ritirato_il":null,"notifica_inviata":false,"created_at":"2026-08-26T09:41:09.726352"}]
DATA INVIATA: {"reparto":"Rianimazione","turno_successivo":"Pomeriggio","note":"","stato":"Da ritirare","notifica_inviata":false}
RISPOSTA API: [{"id":"b99d69fe-4f63-4fa6-b17a-576440cc3ce9","registro_id":null,"reparto":"Rianimazione","turno_successivo":"Pomeriggio","stato":"Da ritirare","data_ritiro":null,"note":"","inserito_da":null,"accettato_da":null,"ritirato_il":null,"notifica_inviata":false,"created_at":"2026-08-26T10:29:50.411878"}]
DATA INVIATA: {"reparto":"Udr","turno_successivo":"Pomeriggio","note":"","stato":"Da ritirare","notifica_inviata":false}
RISPOSTA API: [{"id":"cc675a7b-54fe-4c5b-a190-41f6450065b6","registro_id":null,"reparto":"Udr","turno_successivo":"Pomeriggio","stato":"Da ritirare","data_ritiro":null,"note":"","inserito_da":null,"accettato_da":null,"ritirato_il":null,"notifica_inviata":false,"created_at":"2026-08-27T07:08:29.77257"}]
DATA INVIATA: {"reparto":"Pronto Soccorso","turno_successivo":"Notte","note":"","stato":"Da ritirare","notifica_inviata":false}
RISPOSTA API: [{"id":"56d4428c-a90b-4064-af8c-c5bdf188a7a9","registro_id":null,"reparto":"Pronto Soccorso","turno_successivo":"Notte","stato":"Da ritirare","data_ritiro":null,"note":"","inserito_da":null,"accettato_da":null,"ritirato_il":null,"notifica_inviata":false,"created_at":"2026-08-27T11:06:38.7621"}]
DATA INVIATA: {"reparto":"Ch Generale","turno_successivo":"Notte","note":"","stato":"Da ritirare","notifica_inviata":false}
RISPOSTA API: [{"id":"c36ae529-313d-41a4-9fc2-8b941c34ea1a","registro_id":null,"reparto":"Ch Generale","turno_successivo":"Notte","stato":"Da ritirare","data_ritiro":null,"note":"","inserito_da":null,"accettato_da":null,"ritirato_il":null,"notifica_inviata":false,"created_at":"2026-08-27T11:09:38.303871"}]
DATA INVIATA: {"reparto":"Nefrologia","turno_successivo":"Notte","note":"","stato":"Da ritirare","notifica_inviata":false}
RISPOSTA API: [{"id":"3352e4ba-0865-4083-ad77-76372f29462c","registro_id":null,"reparto":"Nefrologia","turno_successivo":"Notte","stato":"Da ritirare","data_ritiro":null,"note":"","inserito_da":null,"accettato_da":null,"ritirato_il":null,"notifica_inviata":false,"created_at":"2026-08-27T11:17:33.198326"}]
DATA INVIATA: {"reparto":"Pronto Soccorso","turno_successivo":"Notte","note":"","stato":"Da ritirare","notifica_inviata":false}
RISPOSTA API: [{"id":"eb39d86b-e155-4bd4-b4d1-3b8f740b87be","registro_id":null,"reparto":"Pronto Soccorso","turno_successivo":"Notte","stato":"Da ritirare","data_ritiro":null,"note":"","inserito_da":null,"accettato_da":null,"ritirato_il":null,"notifica_inviata":false,"created_at":"2026-08-27T11:55:07.605225"}]
DATA INVIATA: {"reparto":"Ch Vascolare","turno_successivo":"Pomeriggio","note":"","stato":"Da ritirare","notifica_inviata":false}
RISPOSTA API: [{"id":"694abe0b-541a-4e13-ad4a-ef3b9571397c","registro_id":null,"reparto":"Ch Vascolare","turno_successivo":"Pomeriggio","stato":"Da ritirare","data_ritiro":null,"note":"","inserito_da":null,"accettato_da":null,"ritirato_il":null,"notifica_inviata":false,"created_at":"2026-08-28T09:41:59.250144"}]
DATA INVIATA: {"reparto":"Cardiologia","turno_successivo":"Notte","note":"","stato":"Da ritirare","notifica_inviata":false}
RISPOSTA API: [{"id":"dd9688b0-a67f-44f0-8ef1-774e72e8ee79","registro_id":null,"reparto":"Cardiologia","turno_successivo":"Notte","stato":"Da ritirare","data_ritiro":null,"note":"","inserito_da":null,"accettato_da":null,"ritirato_il":null,"notifica_inviata":false,"created_at":"2026-08-28T13:46:15.167824"}]
DATA INVIATA: {"reparto":"Pronto Soccorso","turno_successivo":"Notte","note":"","stato":"Da ritirare","notifica_inviata":false}
RISPOSTA API: [{"id":"0747ae28-ccf8-4245-81cf-6890c09da2f3","registro_id":null,"reparto":"Pronto Soccorso","turno_successivo":"Notte","stato":"Da ritirare","data_ritiro":null,"note":"","inserito_da":null,"accettato_da":null,"ritirato_il":null,"notifica_inviata":false,"created_at":"2026-09-08T14:04:13.536986","consegnato_sit":false,"consegnato_il":null,"consegnato_da":null}]
